src/app/admin/page.tsx(41,48): error TS7006: Parameter 'app' implicitly has an 'any' type.
src/components/ApplicationForm.tsx(43,17): error TS2367: This comparison appears to be unintentional because the types '"plan_type" | "bio_page_id" | "specimen_sigs" | "business_name" | "trade_name" | "business_address" | "billing_address" | "signatory_name" | "signatory_designation" | "signatory_contact" | ... 4 more ... | "org_type"' and '"mayors_permit"' have no overlap.
src/components/ApplicationForm.tsx(43,44): error TS2367: This comparison appears to be unintentional because the types '"plan_type" | "bio_page_id" | "specimen_sigs" | "business_name" | "trade_name" | "business_address" | "billing_address" | "signatory_name" | "signatory_designation" | "signatory_contact" | ... 4 more ... | "org_type"' and '"dti_registration"' have no overlap.
src/components/ApplicationForm.tsx(43,74): error TS2367: This comparison appears to be unintentional because the types '"plan_type" | "bio_page_id" | "specimen_sigs" | "business_name" | "trade_name" | "business_address" | "billing_address" | "signatory_name" | "signatory_designation" | "signatory_contact" | ... 4 more ... | "org_type"' and '"sec_registration"' have no overlap.
src/components/ApplicationForm.tsx(44,17): error TS2367: This comparison appears to be unintentional because the types '"plan_type" | "bio_page_id" | "specimen_sigs" | "business_name" | "trade_name" | "business_address" | "billing_address" | "signatory_name" | "signatory_designation" | "signatory_contact" | ... 4 more ... | "org_type"' and '"articles_of_partnership"' have no overlap.
src/components/ApplicationForm.tsx(44,54): error TS2367: This comparison appears to be unintentional because the types '"plan_type" | "bio_page_id" | "specimen_sigs" | "business_name" | "trade_name" | "business_address" | "billing_address" | "signatory_name" | "signatory_designation" | "signatory_contact" | ... 4 more ... | "org_type"' and '"partners_resolution"' have no overlap.
src/components/ApplicationForm.tsx(44,87): error TS2367: This comparison appears to be unintentional because the types '"plan_type" | "bio_page_id" | "specimen_sigs" | "business_name" | "trade_name" | "business_address" | "billing_address" | "signatory_name" | "signatory_designation" | "signatory_contact" | ... 4 more ... | "org_type"' and '"sec_certificate"' have no overlap.
src/components/ApplicationForm.tsx(45,17): error TS2367: This comparison appears to be unintentional because the types '"plan_type" | "bio_page_id" | "specimen_sigs" | "business_name" | "trade_name" | "business_address" | "billing_address" | "signatory_name" | "signatory_designation" | "signatory_contact" | ... 4 more ... | "org_type"' and '"board_resolution"' have no overlap.
src/components/ApplicationForm.tsx(45,47): error TS2367: This comparison appears to be unintentional because the types '"plan_type" | "bio_page_id" | "specimen_sigs" | "business_name" | "trade_name" | "business_address" | "billing_address" | "signatory_name" | "signatory_designation" | "signatory_contact" | ... 4 more ... | "org_type"' and '"cda_registration"' have no overlap.
src/components/ApplicationForm.tsx(76,46): error TS2339: Property 'mayors_permit' does not exist on type '{ plan_type: "FIBERBIZ_100" | "FIBERBIZ_300" | "AFFORDABOOST_500"; business_name: string; business_address: string; billing_address: string; signatory_name: string; signatory_designation: string; ... 11 more ...; board_resolution?: string | ... 2 more ... | undefined; } | { ...; } | { ...; } | { ...; }'.
  Property 'mayors_permit' does not exist on type '{ plan_type: "FIBERBIZ_100" | "FIBERBIZ_300" | "AFFORDABOOST_500"; business_name: string; business_address: string; billing_address: string; signatory_name: string; signatory_designation: string; ... 11 more ...; board_resolution?: string | ... 2 more ... | undefined; }'.
src/components/ApplicationForm.tsx(77,49): error TS2339: Property 'dti_registration' does not exist on type '{ plan_type: "FIBERBIZ_100" | "FIBERBIZ_300" | "AFFORDABOOST_500"; business_name: string; business_address: string; billing_address: string; signatory_name: string; signatory_designation: string; ... 11 more ...; board_resolution?: string | ... 2 more ... | undefined; } | { ...; } | { ...; } | { ...; }'.
  Property 'dti_registration' does not exist on type '{ plan_type: "FIBERBIZ_100" | "FIBERBIZ_300" | "AFFORDABOOST_500"; business_name: string; business_address: string; billing_address: string; signatory_name: string; signatory_designation: string; ... 11 more ...; board_resolution?: string | ... 2 more ... | undefined; }'.
src/components/ApplicationForm.tsx(79,49): error TS2339: Property 'sec_registration' does not exist on type '{ plan_type: "FIBERBIZ_100" | "FIBERBIZ_300" | "AFFORDABOOST_500"; business_name: string; business_address: string; billing_address: string; signatory_name: string; signatory_designation: string; ... 11 more ...; board_resolution?: string | ... 2 more ... | undefined; } | { ...; } | { ...; } | { ...; }'.
  Property 'sec_registration' does not exist on type '{ plan_type: "FIBERBIZ_100" | "FIBERBIZ_300" | "AFFORDABOOST_500"; business_name: string; business_address: string; billing_address: string; signatory_name: string; signatory_designation: string; ... 10 more ...; trade_name?: string | undefined; }'.
src/components/ApplicationForm.tsx(80,56): error TS2339: Property 'articles_of_partnership' does not exist on type '{ plan_type: "FIBERBIZ_100" | "FIBERBIZ_300" | "AFFORDABOOST_500"; business_name: string; business_address: string; billing_address: string; signatory_name: string; signatory_designation: string; ... 11 more ...; board_resolution?: string | ... 2 more ... | undefined; } | { ...; } | { ...; } | { ...; }'.
  Property 'articles_of_partnership' does not exist on type '{ plan_type: "FIBERBIZ_100" | "FIBERBIZ_300" | "AFFORDABOOST_500"; business_name: string; business_address: string; billing_address: string; signatory_name: string; signatory_designation: string; ... 11 more ...; board_resolution?: string | ... 2 more ... | undefined; }'.
src/components/ApplicationForm.tsx(81,52): error TS2339: Property 'partners_resolution' does not exist on type '{ plan_type: "FIBERBIZ_100" | "FIBERBIZ_300" | "AFFORDABOOST_500"; business_name: string; business_address: string; billing_address: string; signatory_name: string; signatory_designation: string; ... 11 more ...; board_resolution?: string | ... 2 more ... | undefined; } | { ...; } | { ...; } | { ...; }'.
  Property 'partners_resolution' does not exist on type '{ plan_type: "FIBERBIZ_100" | "FIBERBIZ_300" | "AFFORDABOOST_500"; business_name: string; business_address: string; billing_address: string; signatory_name: string; signatory_designation: string; ... 11 more ...; board_resolution?: string | ... 2 more ... | undefined; }'.
src/components/ApplicationForm.tsx(83,49): error TS2339: Property 'sec_registration' does not exist on type '{ plan_type: "FIBERBIZ_100" | "FIBERBIZ_300" | "AFFORDABOOST_500"; business_name: string; business_address: string; billing_address: string; signatory_name: string; signatory_designation: string; ... 11 more ...; board_resolution?: string | ... 2 more ... | undefined; } | { ...; } | { ...; } | { ...; }'.
  Property 'sec_registration' does not exist on type '{ plan_type: "FIBERBIZ_100" | "FIBERBIZ_300" | "AFFORDABOOST_500"; business_name: string; business_address: string; billing_address: string; signatory_name: string; signatory_designation: string; ... 10 more ...; trade_name?: string | undefined; }'.
src/components/ApplicationForm.tsx(84,48): error TS2339: Property 'sec_certificate' does not exist on type '{ plan_type: "FIBERBIZ_100" | "FIBERBIZ_300" | "AFFORDABOOST_500"; business_name: string; business_address: string; billing_address: string; signatory_name: string; signatory_designation: string; ... 11 more ...; board_resolution?: string | ... 2 more ... | undefined; } | { ...; } | { ...; } | { ...; }'.
  Property 'sec_certificate' does not exist on type '{ plan_type: "FIBERBIZ_100" | "FIBERBIZ_300" | "AFFORDABOOST_500"; business_name: string; business_address: string; billing_address: string; signatory_name: string; signatory_designation: string; ... 10 more ...; trade_name?: string | undefined; }'.
src/components/ApplicationForm.tsx(85,49): error TS2339: Property 'board_resolution' does not exist on type '{ plan_type: "FIBERBIZ_100" | "FIBERBIZ_300" | "AFFORDABOOST_500"; business_name: string; business_address: string; billing_address: string; signatory_name: string; signatory_designation: string; ... 11 more ...; board_resolution?: string | ... 2 more ... | undefined; } | { ...; } | { ...; } | { ...; }'.
  Property 'board_resolution' does not exist on type '{ plan_type: "FIBERBIZ_100" | "FIBERBIZ_300" | "AFFORDABOOST_500"; business_name: string; business_address: string; billing_address: string; signatory_name: string; signatory_designation: string; ... 10 more ...; trade_name?: string | undefined; }'.
src/components/ApplicationForm.tsx(87,49): error TS2339: Property 'cda_registration' does not exist on type '{ plan_type: "FIBERBIZ_100" | "FIBERBIZ_300" | "AFFORDABOOST_500"; business_name: string; business_address: string; billing_address: string; signatory_name: string; signatory_designation: string; ... 11 more ...; board_resolution?: string | ... 2 more ... | undefined; } | { ...; } | { ...; } | { ...; }'.
  Property 'cda_registration' does not exist on type '{ plan_type: "FIBERBIZ_100" | "FIBERBIZ_300" | "AFFORDABOOST_500"; business_name: string; business_address: string; billing_address: string; signatory_name: string; signatory_designation: string; ... 11 more ...; board_resolution?: string | ... 2 more ... | undefined; }'.
src/components/ApplicationForm.tsx(88,49): error TS2339: Property 'board_resolution' does not exist on type '{ plan_type: "FIBERBIZ_100" | "FIBERBIZ_300" | "AFFORDABOOST_500"; business_name: string; business_address: string; billing_address: string; signatory_name: string; signatory_designation: string; ... 11 more ...; board_resolution?: string | ... 2 more ... | undefined; } | { ...; } | { ...; } | { ...; }'.
  Property 'board_resolution' does not exist on type '{ plan_type: "FIBERBIZ_100" | "FIBERBIZ_300" | "AFFORDABOOST_500"; business_name: string; business_address: string; billing_address: string; signatory_name: string; signatory_designation: string; ... 10 more ...; trade_name?: string | undefined; }'.
